[khongvanduong.com/landing-2.html]
[khongvanduong.com/public/landing-2/css/page-skin-1.css]
[khongvanduong.com/public/landing-2/css/normalize.min.css]
[khongvanduong.com/public/shared/img/favicon.png]
[backblue.gif]
[fade.gif]
[index.html]
[khongvanduong.com/public/shared/css/loader.css]
[khongvanduong.com/public/shared/img/loader.gif]
[khongvanduong.com/public/shared/img/avatar.jpg]
[img.icons8.com/wired/30/000000/facebook-new.png]
[img.icons8.com/wired/30/000000/tiktok.png]
[img.icons8.com/doodle/30/000000/instagram-new.png]
[img.icons8.com/ios/30/000000/zalo.png]
[khongvanduong.com/public/landing-2/img/address-32.png]
[khongvanduong.com/public/landing-2/img/phone-32.png]
[khongvanduong.com/public/landing-2/img/mail-32.png]
[khongvanduong.com/public/landing-2/css/snowflake.css]
[ajax.googleapis.com/ajax/libs/jquery/3.5.1/jquery.min.js]
[khongvanduong.com/public/landing-2/js/custom.js]
[khongvanduong.com/public/shared/js/loader.js]
[khongvanduong.com/public/shared/js/block.js]
[khongvanduong.com/public/shared/js/heart.js]
[cdn.000webhost.com/000webhost/logo/footer-powered-by-000webhost-white2.png]
[khongvanduong.com/landing-2.html]
[khongvanduong.com/public/shared/img/background.jpg]
[khongvanduong.com/public/landing-2/css/page-skin-1.css]
[khongvanduong.com/public/landing-2/css/normalize.min.css]
[khongvanduong.com/public/shared/css/remove000.css]
[khongvanduong.com/public/shared/css/blacked.css]
[i.imgur.com/5v5M8gh.png]
[i.imgur.com/IXULuQ1.png]
[khongvanduong.com/public/shared/css/mouse.css]
[khongvanduong.com/public/shared/css/loader.css]
[khongvanduong.com/public/landing-2/css/snowflake.css]
